
...............XXXXXX
...............XXXXXX...................XXXXXX
........................................XXXXXX...........................................................................................>|
.................................................................XXXXXX...................................................................|
.................................................................XXXXXX...................................................................|
..........................................................................................................................................|
..........?#......................................#?##....................................??..............................................|
..........................................................................................................................................|
............................[].............................................[].............................................................|
............................[].............................................[].............................................................|
==============================   ============================================   =========================   ==============================X===========
==============================   ============================================   =========================   ==========================================
