XXXXXXXXXXXXXXXXXXXXXXXXXXXXXXXXXXXXXXXXXXXXXXXXXXXXXXXXXXXXXXXXXXXXXXXXXXXXXXXXXXXXXXXXXXXXXXXXXXXX
XXXXXXXXXXXXXXXXXXXXXXXXXXXXXXXXXXXXXXXXXXXXXXXXXXXXXXXXXXXXXXXXXXXXXXXXXXXXXXXXXXXXXXXXXXXXXXXXXXXX
..........XXXXXXXX
..........XXXXXXXX.................XXXXX...............................................>|
...................................XXXXX....................XXXXX.......................|
............................................................XXXXX.......................|
.....ooooo..............................................................ooo.............|
.........................#?###..........................................................|
........................................................................................|
........................................................................................|
........................................................................................|
========================================================================================X===========
====================================================================================================
