XXXXXXXXXXXXXXXXXXXXXXXXXXXXXXXXXXXXXXXXXXXXXXXXXXXXXXXXXXXXXXXXXXXXXXXXXXXXXXXXXXXXXXXXXXXXXXXXXXXX
XXXXXXXXXXXXXXXXXXXXXXXXXXXXXXXXXXXXXXXXXXXXXXXXXXXXXXXXXXXXXXXXXXXXXXXXXXXXXXXXXXXXXXXXXXXXXXXXXXXX

.......................................................................................>|
..........XXX............XXXX...........................................................|
.........................XXXX.........XXX...............................................|
.....ooo.......oo.............XXX.......................................................|
........#?#...................##?#.....................#?#..............................|
.............................................XXXX.......................................|
.............................................XX.........................................|
..................XXX...................................................................|
============  ============================  ==================  ========================X===========
============  ============================  ==================  ====================================
