

XXXXXX
..........XXXXX.........................................................................................................................................................................>|
..........XX.......................XXXX..................................................................................................................................................|
...................................XX.....................XXXX...........................................................................................................................|
..........................................................XX.............................................................................................................................|
................................................................................XXXXX....................................................................................................|
................................................................................XXXXX....................................................................................................|
.........................................................................................................XXXX...............................BBBBBBBBBBBBBBBBBB...........................|
.........................................................................................................XXXX...............................BBBBBBBBBBBBBBBBBBA..........................|
XXXXXXXXXXXXXXXXXXXXXXXXXXXXXXXXXXXXXXXXXXXXXXXXXXXXXXXXXXXXXXXXXXXXXXXXXXXXXXXXXXXXXXXXXXXXXXXXXXXXXXXXXXXXXXXXXXXXXXXXXXXXXXXXXXXXXXXXXXXX                  XXXXXXXXXXXXXXXXXXXXXXXXXXXXXXXXXXXXXXXXXX
XXXXXXXXXXXXXXXXXXXXXXXXXXXXXXXXXXXXXXXXXXXXXXXXXXXXXXXXXXXXXXXXXXXXXXXXXXXXXXXXXXXXXXXXXXXXXXXXXXXXXXXXXXXXXXXXXXXXXXXXXXXXXXXXXXXXXXXXXXXX                  XXXXXXXXXXXXXXXXXXXXXXXXXXXXXXXXXXXXXXXXXX
