


.........................................................................................................................................>|
..........................................................................................................................................|
..........................................................................................................................................|
..........................................................................................................................................|
........#?#.......oo.....?.........#?#....oo......?.........##?#......ooo.........#?#..........?.........oo........#?#....................|
....................................................................XXXXX...........................XXXX..................................|
.............[].........................[]....................................[]..............................[]..........................|
.............[].........................[]....................................[]..............................[]..........................|
===========  =================  ================  ======================================   ===============================================X===========
===========  =================  ================  ======================================   ===========================================================
