

....................XXXXX
................................................................................XXXXX....................................................>|
..................................................XXXXXX..................................................................................|
..................................................XXX.....................................................................................|
..........................................................................................................................................|
........?#?...............................#??#..........................................?.................................................|
..........................................................................................................................................|
......................[]....................................[]............................................................................|
......................[]....................................[]............................................................................|
========================     =================================     ============================   ==============   =======================X===========
========================     =================================     ============================   ==============   ===================================
