

....................XXXXX..................................................XXXX
.........................................................................................................................................>|
.............................................XXXX..............................................XXX........................................|
.............................................XXXX.........................................................................................|
..........................................................................................................................................|
........#?#.......................................??......................................#?#.............................................|
..........................................................................................................................................|
....................[].................................[]............................[]...................................................|
....................[].................................[]............................[]...................................................|
======================    ===============================    ==========================   ====================   =========================X===========
======================    ===============================    ==========================   ====================   =====================================
