XXXXXXXXXXXXXXXXXXXXXXXXXXXXXXXXXXXXXXXXXXXXXXXXXXXXXXXXXXXXXXXXXXXXXXXXXXXXXXXXXXXXXXXXXXXXXXXXXXXX
XXXXXXXXXXXXXXXXXXXXXXXXXXXXXXXXXXXXXXXXXXXXXXXXXXXXXXXXXXXXXXXXXXXXXXXXXXXXXXXXXXXXXXXXXXXXXXXXXXXX
XXXXXX
XXXXXX...................XXXXXX........................................................>|
.........................XXXXXX...................XXXX..................................|
..................................................XXXX..................................|
..........ooo....................................................ooo....................|
...................................#?#..................................................|
........................................................................................|
........................................................................................|
........................................................................................|
========================================================================================X===========
====================================================================================================
