XXXXXXXXXXXXXXXXXXXXXXXXXXXXXXXXXXXXXXXXXXXXXXXXXXXXXXXXXXXXXXXXXXXXXXXXXXXXXXXXXXXXXXXXXXXXXXXXXXXX
XXXXXXXXXXXXXXXXXXXXXXXXXXXXXXXXXXXXXXXXXXXXXXXXXXXXXXXXXXXXXXXXXXXXXXXXXXXXXXXXXXXXXXXXXXXXXXXXXXXX
...............XXXXX
...............XXXXX...................................................................>|
........................................XXXXX...........................................|
........................................XXXXX...........................................|
.....oooo...................................................ooo.........................|
.........................#?##...........................................................|
........................................................................................|
........................................................................................|
........................................................................................|
========================================================================================X===========
====================================================================================================
