XXXXXXXXXXXXXXXXXXXXXXXXXXXXXXXXXXXXXXXXXXXXXXXXXXXXXXXXXXXXXXXXXXXXXXXXXXXXXXXXXXXXXXXXXXXXXXXXXXXX
XXXXXXXXXXXXXXXXXXXXXXXXXXXXXXXXXXXXXXXXXXXXXXXXXXXXXXXXXXXXXXXXXXXXXXXXXXXXXXXXXXXXXXXXXXXXXXXXXXXX
.....XXXXXXXXXXXXXXX
.....XXXXXXXXXX.........................XXXXXXXXX......................................>|
........................................XXXXXXXXX................XXXXX..................|
.................................................................XXXXX..................|
.....ooooo.................................................................oooo.........|
.........................#?#?#..........................................................|
........................................................................................|
........................................................................................|
........................................................................................|
========================================================================================X===========
====================================================================================================
