

.........................XXXX.........................................XXXXX
.........................................................................................................................................>|
..........................................................................................................................................|
..................................................XXX.....................................................................................|
..................................................XXX.....................................................................................|
.....#?#..............................??......................................#?#.........................................................|
....................[]....................................................................................................................|
....................[].......................[]............................[].............................................................|
....................[].......................[]............................[].............................................................|
======================    =====================   ===========================    ===================  =============   ====================X===========
======================    =====================   ===========================    ===================  =============   ================================
