

........XXXXXXXXXXXXX.................................................XXXXXXXXXXX
....................................................................................................XXXXXXXXXX...........................>|
........................................XXXXXXXX..........................................................................................|
........................................X.................................................................................................|
..........................................................................................................................................|
.....#?#?##.........................................??#...........................................#?#?....................................|
..............[]..........................................................................................................................|
..............[]......................[]......................[]........................[]......................[]........................|
..............[]......................[]......................[]........................[]......................[]........................|
================      ==================      ==================      ====================      ==================    ====================X===========
================      ==================      ==================      ====================      ==================    ================================
