

..........XXXXXXXX
..........XX.............................................................................................................................>|
.......................................................XXXXXXXX...........................................................................|
.......................................................XX.................................................................................|
..........................................................................................................................................|
........??......................................#?#.......................................?...............................................|
..........................................................................................................................................|
..............................[]...........................................[].............................................................|
..............................[]...........................................[].............................................................|
================================    =========================================   =======================  =============  ==================X===========
================================    =========================================   =======================  =============  ==============================
