

...............XXXXXXXXX
.................................................................XXXXXX..................................................................>|
........................................XXXXXX............................................................................................|
........................................XXX...............................................................................................|
..........................................................................................................................................|
.....#?###......................................??..........................................?#............................................|
............[]............................................................................................................................|
............[]........................[].........................[]............................[].........................................|
............[]........................[].........................[]............................[].........................................|
==============    ======================    =======================    ==========================    =====================================X===========
==============    ======================    =======================    ==========================    =================================================
