

XXXXXXX
...................................XXXXXXXX.............................................................................................................................................>|
...................................XXXXXXXX......................XXXXXX..................................................................................................................|
.................................................................XXXXXX........................XXXXXX....................................................................................|
...............................................................................................XXXXXX....................................................................................|
.............................................................................................................................XXXXXX......................................................|
.............................................................................................................................XXXXXX........................XXXX..........................|
...........................................................................................................................................................XXXX...........XXXXX..........|
..........................................................................................................................................................................XXXXX..........|
XXXXXXXXXXXXXXXXXXXXXXXXXXXXXXXXXXXXXXXXXXXXXXXXXXXXXXXXXXXXXXXXXXXXXXXXXXXXXXXXXXXXXXXXXXXXXXXXXXXXXXXXXXXXXXXXXXXXXXXXXXXXXXXXXXXXXXXXXXXXXXXXXXXXXXXXXXXXXXXXXXXXXXXXXXXXXXXXXXXXXXXXXXXXXXXXXXXXXXXX
XXXXXXXXXXXXXXXXXXXXXXXXXXXXXXXXXXXXXXXXXXXXXXXXXXXXXXXXXXXXXXXXXXXXXXXXXXXXXXXXXXXXXXXXXXXXXXXXXXXXXXXXXXXXXXXXXXXXXXXXXXXXXXXXXXXXXXXXXXXXXXXXXXXXXXXXXXXXXXXXXXXXXXXXXXXXXXXXXXXXXXXXXXXXXXXXXXXXXXXX
