

...................................XXXXXXXX
...................................XX....................................................................................................>|
.......................................................XXXX...............................................................................|
.......................................................XXXX...............................................................................|
..........................................................................................................................................|
..........?..................................#?##....................................??...................................................|
..........................................................................................................................................|
......................[]................................................[]................................................................|
......................[]................................................[]................................................................|
========================   ===============================================   ============================  =============  ================X===========
========================   ===============================================   ============================  =============  ============================
