

..........XXXXXX............................................XXXXXXXXX
...............................................................................................XXXXXXXXX.................................>|
......................................XXXXXXXX............................................................................................|
......................................XXX.................................................................................................|
..........................................................................................................................................|
.....?#?#?........................................?#?#.........................................??#........................................|
............[]............................................................................................................................|
............[].....................[].......................[]..........................[].........................[].....................|
............[].....................[].......................[]..........................[].........................[].....................|
==============     ==================     ====================     =======================     ======================    =================X===========
==============     ==================     ====================     =======================     ======================    =============================
