

XXXXX
.........................XXXXXX.........................................................................................................................................................>|
.........................XXXXXX........................XXXX..............................................................................................................................|
.......................................................XXXX..........................XXXX................................................................................................|
.....................................................................................XXXX................................................................................................|
...................................................................................................................XXX...................................................................|
...................................................................................................................XXX...........................XXX.....................................|
.................................................................................................................................................XXX....................XXX..............|
........................................................................................................................................................................XXX..............|
XXXXXXXXXXXXXXXXXXXXXXXXXXXXXXXXXXXXXXXXXXXXXXXXXXXXXXXXXXXXXXXXXXXXXXXXXXXXXXXXXXXXXXXXXXXXXXXXXXXXXXXXXXXXXXXXXXXXXXXXXXXXXXXXXXXXXXXXXXXXXXXXXXXXXXXXXXXXXXXXXXXXXXXXXXXXXXXXXXXXXXXXXXXXXXXXXXXXXXXX
XXXXXXXXXXXXXXXXXXXXXXXXXXXXXXXXXXXXXXXXXXXXXXXXXXXXXXXXXXXXXXXXXXXXXXXXXXXXXXXXXXXXXXXXXXXXXXXXXXXXXXXXXXXXXXXXXXXXXXXXXXXXXXXXXXXXXXXXXXXXXXXXXXXXXXXXXXXXXXXXXXXXXXXXXXXXXXXXXXXXXXXXXXXXXXXXXXXXXXXX
