

....................XXXXXXXXXXX
...........................................................................XXXXXXXXX.....................................................>|
..................................................XXXXXXX.................................................................................|
..................................................XXX.....................................................................................|
..........................................................................................................................................|
.....#?#?#...................................???........................................?#................................................|
...............[].........................................................................................................................|
...............[]..........................[]...........................[]..........................[]....................................|
...............[]..........................[]...........................[]..........................[]....................................|
=================     =======================     ========================     =======================    ================================X===========
=================     =======================     ========================     =======================    ============================================
