XXXXXXXXXXXXXXXXXXXXXXXXXXXXXXXXXXXXXXXXXXXXXXXXXXXXXXXXXXXXXXXXXXXXXXXXXXXXXXXXXXXXXXXXXXXXXXXXXXXX
XXXXXXXXXXXXXXXXXXXXXXXXXXXXXXXXXXXXXXXXXXXXXXXXXXXXXXXXXXXXXXXXXXXXXXXXXXXXXXXXXXXXXXXXXXXXXXXXXXXX
....................##########
....................######.............................................................>|
..................................................#######...............................|
..................................................####..................................|
........oooo..........................................................ooo...............|
...................................?#?..................................................|
........................................................................................|
........................................................................................|
........................................................................................|
========================================================================================X===========
====================================================================================================
