

..............................XXXXXXXXXX
................................................................................XXXXXXXXX................................................>|
.......................................................XXXXX..............................................................................|
.......................................................XX.................................................................................|
..........................................................................................................................................|
........#??#......................................?.......................................##?.............................................|
..........................................................................................................................................|
.........................[]...........................................[]..................................................................|
.........................[]...........................................[]..................................................................|
===========================     ========================================     =======================   =============   ===================X===========
===========================     ========================================     =======================   =============   ===============================
