

XXXXXX
..............................XXXXXXX...................................................................................................................................................>|
..............................XXXXXXX.......................XXXXX........................................................................................................................|
............................................................XXXXX.........................XXXX...........................................................................................|
..........................................................................................XXXX...........................................................................................|
........................................................................................................................XXXX.............................................................|
........................................................................................................................XXXX..........................XXX................................|
......................................................................................................................................................XXX.................XXXX...........|
..........................................................................................................................................................................XXXX...........|
XXXXXXXXXXXXXXXXXXXXXXXXXXXXXXXXXXXXXXXXXXXXXXXXXXXXXXXXXXXXXXXXXXXXXXXXXXXXXXXXXXXXXXXXXXXXXXXXXXXXXXXXXXXXXXXXXXXXXXXXXXXXXXXXXXXXXXXXXXXXXXXXXXXXXXXXXXXXXXXXXXXXXXXXXXXXXXXXXXXXXXXXXXXXXXXXXXXXXXXX
XXXXXXXXXXXXXXXXXXXXXXXXXXXXXXXXXXXXXXXXXXXXXXXXXXXXXXXXXXXXXXXXXXXXXXXXXXXXXXXXXXXXXXXXXXXXXXXXXXXXXXXXXXXXXXXXXXXXXXXXXXXXXXXXXXXXXXXXXXXXXXXXXXXXXXXXXXXXXXXXXXXXXXXXXXXXXXXXXXXXXXXXXXXXXXXXXXXXXXXX
